// Jest Snapshot v1, https://goo.gl/fbAQLP

exports[`Homepage renders empty results if no results 1`] = `
<div
  class="h-64 flex items-center justify-center"
>
  Sorry, no results
</div>
`;
